// Jest Snapshot v1, https://goo.gl/fbAQLP

exports[`Should render with title 1`] = `
<header
  className="MuiPaper-root-12 MuiPaper-elevation4-18 MuiAppBar-root-4 MuiAppBar-positionStatic-8 MuiAppBar-colorPrimary-10"
>
  <div
    className="MuiToolbar-root-39 MuiToolbar-gutters-40"
  >
    <a
      aria-label="Home"
      className="MuiButtonBase-root-47 MuiIconButton-root-41 MuiIconButton-colorInherit-42 Menu-menuButton-2"
      href="/"
      onBlur={[Function]}
      onClick={[Function]}
      onFocus={[Function]}
      onKeyDown={[Function]}
      onKeyUp={[Function]}
      onMouseDown={[Function]}
      onMouseLeave={[Function]}
      onMouseUp={[Function]}
      onTouchEnd={[Function]}
      onTouchMove={[Function]}
      onTouchStart={[Function]}
      role="button"
      tabIndex="0"
    >
      <span
        className="MuiIconButton-label-46"
      >
        <svg
          aria-hidden="true"
          className="MuiSvgIcon-root-50"
          color={undefined}
          focusable="false"
          viewBox="0 0 24 24"
        >
          <g>
            <path
              d="M10 20v-6h4v6h5v-8h3L12 3 2 12h3v8z"
            />
          </g>
        </svg>
      </span>
      <span
        className="MuiTouchRipple-root-56"
      />
    </a>
    <h2
      className="MuiTypography-root-63 MuiTypography-title-69 MuiTypography-colorInherit-82 Menu-flex-1"
    >
      test
    </h2>
    <div
      className="Menu-buttons-3"
    />
  </div>
</header>
`;
