// Jest Snapshot v1, https://goo.gl/fbAQLP

exports[`Should render players 1`] = `
<div
  className="MuiGrid-container-01 MuiGrid-spacing-xs-16-024"
>
  <div
    className="MuiGrid-item-02"
  >
    <div
      className="MuiPaper-root-099 MuiPaper-elevation1-0102 MuiPaper-rounded-0100 MuiCard-root-098"
    >
      <div
        className={undefined}
      />
      <div
        className="MuiCardContent-root-0126"
      >
        <h3
          className="MuiTypography-root-0127 MuiTypography-headline-0132 MuiTypography-gutterBottom-0144"
        >
          nick
           - 
          name
        </h3>
      </div>
      <div
        className="MuiCardActions-root-0152"
      >
        <div
          className="MuiCardActions-action-0153"
        >
          <div
            aria-describedby={undefined}
            className="MuiFormControl-root-0154 MuiFormControl-marginDense-0156"
            lable="Ranking"
          >
            <div
              className="MuiInput-root-0158 MuiInput-formControl-0159 MuiInput-underline-0162"
            >
              <input
                aria-invalid={false}
                autoComplete={undefined}
                autoFocus={undefined}
                className="MuiInput-input-0166 MuiInput-inputType-0169 MuiInput-inputMarginDense-0167"
                defaultValue={undefined}
                disabled={false}
                id={undefined}
                name={undefined}
                onBlur={[Function]}
                onChange={[Function]}
                onFocus={[Function]}
                onKeyDown={undefined}
                onKeyUp={undefined}
                placeholder={undefined}
                readOnly={undefined}
                required={false}
                rows={undefined}
                type="number"
                value={42}
              />
            </div>
            <p
              className="MuiFormHelperText-root-0171 MuiFormHelperText-filled-0176 MuiFormHelperText-marginDense-0174"
              id={undefined}
            >
              Ranking
            </p>
          </div>
          <button
            className="MuiButtonBase-root-0204 MuiButton-root-0178 MuiButton-text-0180 MuiButton-outlined-0186"
            disabled={false}
            onBlur={[Function]}
            onClick={[Function]}
            onFocus={[Function]}
            onKeyDown={[Function]}
            onKeyUp={[Function]}
            onMouseDown={[Function]}
            onMouseLeave={[Function]}
            onMouseUp={[Function]}
            onTouchEnd={[Function]}
            onTouchMove={[Function]}
            onTouchStart={[Function]}
            tabIndex="0"
            type="button"
          >
            <span
              className="MuiButton-label-0179"
            >
              Add
            </span>
            <span
              className="MuiTouchRipple-root-0207"
            />
          </button>
        </div>
      </div>
    </div>
  </div>
  <div
    className="MuiGrid-item-02"
  >
    <div
      className="MuiPaper-root-099 MuiPaper-elevation1-0102 MuiPaper-rounded-0100 MuiCard-root-098"
    >
      <div
        className="MuiCardContent-root-0126"
      >
        <div
          className="MuiGrid-container-01 MuiGrid-direction-xs-column-04"
        >
          <div
            className="MuiGrid-item-02"
          >
            <div
              aria-describedby={undefined}
              className="MuiFormControl-root-0154"
              lable="Name"
            >
              <div
                className="MuiInput-root-0158 MuiInput-formControl-0159 MuiInput-underline-0162"
              >
                <input
                  aria-invalid={false}
                  autoComplete={undefined}
                  autoFocus={undefined}
                  className="MuiInput-input-0166"
                  defaultValue={undefined}
                  disabled={false}
                  id={undefined}
                  name={undefined}
                  onBlur={[Function]}
                  onChange={[Function]}
                  onFocus={[Function]}
                  onKeyDown={undefined}
                  onKeyUp={undefined}
                  placeholder={undefined}
                  readOnly={undefined}
                  required={false}
                  rows={undefined}
                  type="text"
                  value=""
                />
              </div>
              <p
                className="MuiFormHelperText-root-0171"
                id={undefined}
              >
                Name
              </p>
            </div>
          </div>
          <div
            className="MuiGrid-item-02"
          >
            <div
              aria-describedby={undefined}
              className="MuiFormControl-root-0154"
              lable="Nickname"
            >
              <div
                className="MuiInput-root-0158 MuiInput-formControl-0159 MuiInput-underline-0162"
              >
                <input
                  aria-invalid={false}
                  autoComplete={undefined}
                  autoFocus={undefined}
                  className="MuiInput-input-0166"
                  defaultValue={undefined}
                  disabled={false}
                  id={undefined}
                  name={undefined}
                  onBlur={[Function]}
                  onChange={[Function]}
                  onFocus={[Function]}
                  onKeyDown={undefined}
                  onKeyUp={undefined}
                  placeholder={undefined}
                  readOnly={undefined}
                  required={false}
                  rows={undefined}
                  type="text"
                  value=""
                />
              </div>
              <p
                className="MuiFormHelperText-root-0171"
                id={undefined}
              >
                Nickname
              </p>
            </div>
          </div>
        </div>
      </div>
      <div
        className="MuiCardActions-root-0152"
      >
        <button
          className="MuiButtonBase-root-0204 MuiButton-root-0178 MuiButton-text-0180 MuiButton-outlined-0186 MuiCardActions-action-0153"
          disabled={false}
          onBlur={[Function]}
          onFocus={[Function]}
          onKeyDown={[Function]}
          onKeyUp={[Function]}
          onMouseDown={[Function]}
          onMouseLeave={[Function]}
          onMouseUp={[Function]}
          onTouchEnd={[Function]}
          onTouchMove={[Function]}
          onTouchStart={[Function]}
          tabIndex="0"
          type="button"
        >
          <span
            className="MuiButton-label-0179"
          >
            Create
          </span>
          <span
            className="MuiTouchRipple-root-0207"
          />
        </button>
      </div>
    </div>
  </div>
</div>
`;
