// Jest Snapshot v1, https://goo.gl/fbAQLP

exports[`PlayersGrid Should render players 1`] = `
<div
  className="MuiGrid-container-1 MuiGrid-spacing-xs-16-24"
>
  <div
    className="MuiGrid-item-2"
  >
    <div
      className="MuiPaper-root-99 MuiPaper-elevation1-102 MuiPaper-rounded-100 MuiCard-root-98"
    >
      <div />
      <div
        className="MuiCardContent-root-126"
      >
        <h3
          className="MuiTypography-root-127 MuiTypography-h5-143 MuiTypography-gutterBottom-154"
        >
          nick
           - 
          name
        </h3>
      </div>
      <div
        className="MuiCardActions-root-162"
      >
        <div
          className="MuiCardActions-action-163"
        >
          <div
            className="MuiFormControl-root-164 MuiFormControl-marginDense-166"
            lable="Ranking"
          >
            <div
              className="MuiInputBase-root-181 MuiInput-root-168 MuiInput-underline-172 MuiInputBase-formControl-182 MuiInput-formControl-169 MuiInputBase-marginDense-188"
              onClick={[Function]}
            >
              <input
                aria-invalid={false}
                className="MuiInputBase-input-191 MuiInput-input-176 MuiInputBase-inputType-194 MuiInput-inputType-179 MuiInputBase-inputMarginDense-192 MuiInput-inputMarginDense-177"
                disabled={false}
                onBlur={[Function]}
                onChange={[Function]}
                onFocus={[Function]}
                required={false}
                type="number"
                value={42}
              />
            </div>
            <p
              className="MuiFormHelperText-root-198 MuiFormHelperText-marginDense-201 MuiFormHelperText-filled-204"
            >
              Ranking
            </p>
          </div>
          <button
            className="MuiButtonBase-root-232 MuiButton-root-206 MuiButton-outlined-214"
            disabled={false}
            onBlur={[Function]}
            onClick={[Function]}
            onFocus={[Function]}
            onKeyDown={[Function]}
            onKeyUp={[Function]}
            onMouseDown={[Function]}
            onMouseLeave={[Function]}
            onMouseUp={[Function]}
            onTouchEnd={[Function]}
            onTouchMove={[Function]}
            onTouchStart={[Function]}
            tabIndex="0"
            type="button"
          >
            <span
              className="MuiButton-label-207"
            >
              Add
            </span>
            <span
              className="MuiTouchRipple-root-235"
            />
          </button>
        </div>
      </div>
    </div>
  </div>
  <div
    className="MuiGrid-item-2"
  >
    <div
      className="MuiPaper-root-99 MuiPaper-elevation1-102 MuiPaper-rounded-100 MuiCard-root-98"
    >
      <div
        className="MuiCardContent-root-126"
      >
        <div
          className="MuiGrid-container-1 MuiGrid-direction-xs-column-4"
        >
          <div
            className="MuiGrid-item-2"
          >
            <div
              className="MuiFormControl-root-164"
              lable="Name"
            >
              <div
                className="MuiInputBase-root-181 MuiInput-root-168 MuiInput-underline-172 MuiInputBase-formControl-182 MuiInput-formControl-169"
                onClick={[Function]}
              >
                <input
                  aria-invalid={false}
                  className="MuiInputBase-input-191 MuiInput-input-176"
                  disabled={false}
                  onBlur={[Function]}
                  onChange={[Function]}
                  onFocus={[Function]}
                  required={false}
                  type="text"
                  value=""
                />
              </div>
              <p
                className="MuiFormHelperText-root-198"
              >
                Name
              </p>
            </div>
          </div>
          <div
            className="MuiGrid-item-2"
          >
            <div
              className="MuiFormControl-root-164"
              lable="Nickname"
            >
              <div
                className="MuiInputBase-root-181 MuiInput-root-168 MuiInput-underline-172 MuiInputBase-formControl-182 MuiInput-formControl-169"
                onClick={[Function]}
              >
                <input
                  aria-invalid={false}
                  className="MuiInputBase-input-191 MuiInput-input-176"
                  disabled={false}
                  onBlur={[Function]}
                  onChange={[Function]}
                  onFocus={[Function]}
                  required={false}
                  type="text"
                  value=""
                />
              </div>
              <p
                className="MuiFormHelperText-root-198"
              >
                Nickname
              </p>
            </div>
          </div>
        </div>
      </div>
      <div
        className="MuiCardActions-root-162"
      >
        <button
          className="MuiButtonBase-root-232 MuiButton-root-206 MuiButton-outlined-214 MuiCardActions-action-163"
          disabled={false}
          onBlur={[Function]}
          onClick={[Function]}
          onFocus={[Function]}
          onKeyDown={[Function]}
          onKeyUp={[Function]}
          onMouseDown={[Function]}
          onMouseLeave={[Function]}
          onMouseUp={[Function]}
          onTouchEnd={[Function]}
          onTouchMove={[Function]}
          onTouchStart={[Function]}
          tabIndex="0"
          type="button"
        >
          <span
            className="MuiButton-label-207"
          >
            Create
          </span>
          <span
            className="MuiTouchRipple-root-235"
          />
        </button>
      </div>
    </div>
  </div>
</div>
`;
