// Jest Snapshot v1, https://goo.gl/fbAQLP

exports[`Should render players 1`] = `
<div
  className={undefined}
>
  <div>
    <div
      className="MuiPaper-root-02 MuiPaper-elevation1-05 MuiPaper-rounded-03 MuiCard-root-01"
    >
      <div
        className="MuiCardHeader-root-029"
      >
        <div
          className="MuiCardHeader-content-032"
        >
          <span
            className="MuiTypography-root-035 MuiTypography-headline-040 MuiCardHeader-title-033"
          >
            nick
          </span>
          <span
            className="MuiTypography-root-035 MuiTypography-body1-044 MuiTypography-colorTextSecondary-058 MuiCardHeader-subheader-034"
          >
            name
          </span>
        </div>
      </div>
      <div
        className="MuiCardContent-root-060"
      >
        <div
          className={undefined}
        />
      </div>
      <div
        className="MuiCardActions-root-061"
      >
        <div
          className="MuiCardActions-action-062"
        >
          <div
            aria-describedby={undefined}
            className="MuiFormControl-root-063 MuiFormControl-marginDense-065"
            lable="Ranking"
          >
            <div
              className="MuiInput-root-067 MuiInput-formControl-068 MuiInput-underline-071"
            >
              <input
                aria-invalid={false}
                autoComplete={undefined}
                autoFocus={undefined}
                className="MuiInput-input-075 MuiInput-inputType-078 MuiInput-inputMarginDense-076"
                defaultValue={undefined}
                disabled={false}
                id={undefined}
                name={undefined}
                onBlur={[Function]}
                onChange={[Function]}
                onFocus={[Function]}
                onKeyDown={undefined}
                onKeyUp={undefined}
                placeholder={undefined}
                readOnly={undefined}
                required={false}
                rows={undefined}
                type="number"
                value={42}
              />
            </div>
            <p
              className="MuiFormHelperText-root-080 MuiFormHelperText-filled-085 MuiFormHelperText-marginDense-083"
              id={undefined}
            >
              Ranking
            </p>
          </div>
          <button
            className="MuiButtonBase-root-093 MuiIconButton-root-087"
            disabled={false}
            onBlur={[Function]}
            onClick={[Function]}
            onFocus={[Function]}
            onKeyDown={[Function]}
            onKeyUp={[Function]}
            onMouseDown={[Function]}
            onMouseLeave={[Function]}
            onMouseUp={[Function]}
            onTouchEnd={[Function]}
            onTouchMove={[Function]}
            onTouchStart={[Function]}
            tabIndex="0"
            type="button"
          >
            <span
              className="MuiIconButton-label-092"
            >
              <svg
                aria-hidden="true"
                className="MuiSvgIcon-root-096"
                color={undefined}
                focusable="false"
                viewBox="0 0 24 24"
              >
                <path
                  d="M0 0h24v24H0z"
                  fill="none"
                />
                <path
                  d="M12 2C6.48 2 2 6.48 2 12s4.48 10 10 10 10-4.48 10-10S17.52 2 12 2zm5 11h-4v4h-2v-4H7v-2h4V7h2v4h4v2z"
                />
              </svg>
            </span>
            <span
              className="MuiTouchRipple-root-0103"
            />
          </button>
        </div>
      </div>
    </div>
  </div>
  <div
    className="MuiPaper-root-02 MuiPaper-elevation1-05 MuiPaper-rounded-03 MuiCard-root-01"
  >
    <div
      className="MuiCardContent-root-060"
    >
      <div
        aria-describedby={undefined}
        className="MuiFormControl-root-063"
        lable="Name"
      >
        <div
          className="MuiInput-root-067 MuiInput-formControl-068 MuiInput-underline-071"
        >
          <input
            aria-invalid={false}
            autoComplete={undefined}
            autoFocus={undefined}
            className="MuiInput-input-075"
            defaultValue={undefined}
            disabled={false}
            id={undefined}
            name={undefined}
            onBlur={[Function]}
            onChange={[Function]}
            onFocus={[Function]}
            onKeyDown={undefined}
            onKeyUp={undefined}
            placeholder={undefined}
            readOnly={undefined}
            required={false}
            rows={undefined}
            type="text"
            value=""
          />
        </div>
        <p
          className="MuiFormHelperText-root-080"
          id={undefined}
        >
          Name
        </p>
      </div>
      <div
        aria-describedby={undefined}
        className="MuiFormControl-root-063"
        lable="Nickname"
      >
        <div
          className="MuiInput-root-067 MuiInput-formControl-068 MuiInput-underline-071"
        >
          <input
            aria-invalid={false}
            autoComplete={undefined}
            autoFocus={undefined}
            className="MuiInput-input-075"
            defaultValue={undefined}
            disabled={false}
            id={undefined}
            name={undefined}
            onBlur={[Function]}
            onChange={[Function]}
            onFocus={[Function]}
            onKeyDown={undefined}
            onKeyUp={undefined}
            placeholder={undefined}
            readOnly={undefined}
            required={false}
            rows={undefined}
            type="text"
            value=""
          />
        </div>
        <p
          className="MuiFormHelperText-root-080"
          id={undefined}
        >
          Nickname
        </p>
      </div>
    </div>
    <div
      className="MuiCardActions-root-061"
    >
      <button
        className="MuiButtonBase-root-093 MuiButton-root-0110 MuiButton-text-0112 MuiButton-outlined-0118 MuiCardActions-action-062"
        disabled={false}
        onBlur={[Function]}
        onFocus={[Function]}
        onKeyDown={[Function]}
        onKeyUp={[Function]}
        onMouseDown={[Function]}
        onMouseLeave={[Function]}
        onMouseUp={[Function]}
        onTouchEnd={[Function]}
        onTouchMove={[Function]}
        onTouchStart={[Function]}
        tabIndex="0"
        type="button"
      >
        <span
          className="MuiButton-label-0111"
        >
          Create
        </span>
        <span
          className="MuiTouchRipple-root-0103"
        />
      </button>
    </div>
  </div>
</div>
`;
